------------------------------------------------------------
Timing Analyzer Summary
------------------------------------------------------------

Type  : Slow 1200mV 85C Model Setup 'CLKMANUAL'
Slack : -12.421
TNS   : -380.559

Type  : Slow 1200mV 85C Model Setup 'ContadorDePrograma:inst|ALP74LS107:inst3|inst'
Slack : -5.623
TNS   : -5.623

Type  : Slow 1200mV 85C Model Setup 'ContadorDePrograma:inst|ALP74LS107:inst|inst'
Slack : -5.448
TNS   : -5.448

Type  : Slow 1200mV 85C Model Setup 'ContadorDePrograma:inst|ALP74LS107:inst4|inst'
Slack : -5.306
TNS   : -5.306

Type  : Slow 1200mV 85C Model Setup 'CLKAUTO'
Slack : -4.490
TNS   : -4.490

Type  : Slow 1200mV 85C Model Hold 'ContadorDePrograma:inst|ALP74LS107:inst4|inst'
Slack : 0.412
TNS   : 0.000

Type  : Slow 1200mV 85C Model Hold 'CLKMANUAL'
Slack : 0.503
TNS   : 0.000

Type  : Slow 1200mV 85C Model Hold 'ContadorDePrograma:inst|ALP74LS107:inst|inst'
Slack : 0.537
TNS   : 0.000

Type  : Slow 1200mV 85C Model Hold 'ContadorDePrograma:inst|ALP74LS107:inst3|inst'
Slack : 0.698
TNS   : 0.000

Type  : Slow 1200mV 85C Model Hold 'CLKAUTO'
Slack : 4.346
TNS   : 0.000

Type  : Slow 1200mV 85C Model Minimum Pulse Width 'CLKMANUAL'
Slack : -3.000
TNS   : -257.823

Type  : Slow 1200mV 85C Model Minimum Pulse Width 'A'
Slack : -3.000
TNS   : -196.718

Type  : Slow 1200mV 85C Model Minimum Pulse Width 'CLKAUTO'
Slack : -3.000
TNS   : -4.487

Type  : Slow 1200mV 85C Model Minimum Pulse Width 'ContadorDePrograma:inst|ALP74LS107:inst3|inst'
Slack : -1.487
TNS   : -1.487

Type  : Slow 1200mV 85C Model Minimum Pulse Width 'ContadorDePrograma:inst|ALP74LS107:inst4|inst'
Slack : -1.487
TNS   : -1.487

Type  : Slow 1200mV 85C Model Minimum Pulse Width 'ContadorDePrograma:inst|ALP74LS107:inst|inst'
Slack : -1.487
TNS   : -1.487

Type  : Slow 1200mV 0C Model Setup 'CLKMANUAL'
Slack : -11.737
TNS   : -361.843

Type  : Slow 1200mV 0C Model Setup 'ContadorDePrograma:inst|ALP74LS107:inst3|inst'
Slack : -5.151
TNS   : -5.151

Type  : Slow 1200mV 0C Model Setup 'ContadorDePrograma:inst|ALP74LS107:inst|inst'
Slack : -4.959
TNS   : -4.959

Type  : Slow 1200mV 0C Model Setup 'ContadorDePrograma:inst|ALP74LS107:inst4|inst'
Slack : -4.845
TNS   : -4.845

Type  : Slow 1200mV 0C Model Setup 'CLKAUTO'
Slack : -4.053
TNS   : -4.053

Type  : Slow 1200mV 0C Model Hold 'ContadorDePrograma:inst|ALP74LS107:inst4|inst'
Slack : 0.368
TNS   : 0.000

Type  : Slow 1200mV 0C Model Hold 'CLKMANUAL'
Slack : 0.387
TNS   : 0.000

Type  : Slow 1200mV 0C Model Hold 'ContadorDePrograma:inst|ALP74LS107:inst|inst'
Slack : 0.494
TNS   : 0.000

Type  : Slow 1200mV 0C Model Hold 'ContadorDePrograma:inst|ALP74LS107:inst3|inst'
Slack : 0.665
TNS   : 0.000

Type  : Slow 1200mV 0C Model Hold 'CLKAUTO'
Slack : 3.902
TNS   : 0.000

Type  : Slow 1200mV 0C Model Minimum Pulse Width 'CLKMANUAL'
Slack : -3.000
TNS   : -265.478

Type  : Slow 1200mV 0C Model Minimum Pulse Width 'A'
Slack : -3.000
TNS   : -220.344

Type  : Slow 1200mV 0C Model Minimum Pulse Width 'CLKAUTO'
Slack : -3.000
TNS   : -4.487

Type  : Slow 1200mV 0C Model Minimum Pulse Width 'ContadorDePrograma:inst|ALP74LS107:inst3|inst'
Slack : -1.487
TNS   : -1.487

Type  : Slow 1200mV 0C Model Minimum Pulse Width 'ContadorDePrograma:inst|ALP74LS107:inst4|inst'
Slack : -1.487
TNS   : -1.487

Type  : Slow 1200mV 0C Model Minimum Pulse Width 'ContadorDePrograma:inst|ALP74LS107:inst|inst'
Slack : -1.487
TNS   : -1.487

Type  : Fast 1200mV 0C Model Setup 'CLKMANUAL'
Slack : -4.420
TNS   : -126.914

Type  : Fast 1200mV 0C Model Setup 'ContadorDePrograma:inst|ALP74LS107:inst3|inst'
Slack : -1.728
TNS   : -1.728

Type  : Fast 1200mV 0C Model Setup 'ContadorDePrograma:inst|ALP74LS107:inst|inst'
Slack : -1.650
TNS   : -1.650

Type  : Fast 1200mV 0C Model Setup 'ContadorDePrograma:inst|ALP74LS107:inst4|inst'
Slack : -1.602
TNS   : -1.602

Type  : Fast 1200mV 0C Model Setup 'CLKAUTO'
Slack : -1.357
TNS   : -1.357

Type  : Fast 1200mV 0C Model Hold 'ContadorDePrograma:inst|ALP74LS107:inst|inst'
Slack : 0.157
TNS   : 0.000

Type  : Fast 1200mV 0C Model Hold 'ContadorDePrograma:inst|ALP74LS107:inst4|inst'
Slack : 0.170
TNS   : 0.000

Type  : Fast 1200mV 0C Model Hold 'CLKMANUAL'
Slack : 0.171
TNS   : 0.000

Type  : Fast 1200mV 0C Model Hold 'ContadorDePrograma:inst|ALP74LS107:inst3|inst'
Slack : 0.200
TNS   : 0.000

Type  : Fast 1200mV 0C Model Hold 'CLKAUTO'
Slack : 1.777
TNS   : 0.000

Type  : Fast 1200mV 0C Model Minimum Pulse Width 'CLKMANUAL'
Slack : -3.000
TNS   : -174.072

Type  : Fast 1200mV 0C Model Minimum Pulse Width 'A'
Slack : -3.000
TNS   : -148.865

Type  : Fast 1200mV 0C Model Minimum Pulse Width 'CLKAUTO'
Slack : -3.000
TNS   : -4.069

Type  : Fast 1200mV 0C Model Minimum Pulse Width 'ContadorDePrograma:inst|ALP74LS107:inst3|inst'
Slack : -1.000
TNS   : -1.000

Type  : Fast 1200mV 0C Model Minimum Pulse Width 'ContadorDePrograma:inst|ALP74LS107:inst4|inst'
Slack : -1.000
TNS   : -1.000

Type  : Fast 1200mV 0C Model Minimum Pulse Width 'ContadorDePrograma:inst|ALP74LS107:inst|inst'
Slack : -1.000
TNS   : -1.000

------------------------------------------------------------
