------------------------------------------------------------
Timing Analyzer Summary
------------------------------------------------------------

Type  : Slow 1200mV 85C Model Setup 'Etapa_Unica'
Slack : -13.805
TNS   : -402.872

Type  : Slow 1200mV 85C Model Setup 'ContadorDePrograma:inst|ALP74LS107:inst3|inst'
Slack : -6.764
TNS   : -6.764

Type  : Slow 1200mV 85C Model Setup 'ContadorDePrograma:inst|ALP74LS107:inst|inst'
Slack : -6.607
TNS   : -6.607

Type  : Slow 1200mV 85C Model Setup 'ContadorDePrograma:inst|ALP74LS107:inst4|inst'
Slack : -6.516
TNS   : -6.516

Type  : Slow 1200mV 85C Model Setup 'CLKAUTO'
Slack : -4.868
TNS   : -4.868

Type  : Slow 1200mV 85C Model Hold 'Etapa_Unica'
Slack : 0.150
TNS   : 0.000

Type  : Slow 1200mV 85C Model Hold 'ContadorDePrograma:inst|ALP74LS107:inst4|inst'
Slack : 0.412
TNS   : 0.000

Type  : Slow 1200mV 85C Model Hold 'ContadorDePrograma:inst|ALP74LS107:inst|inst'
Slack : 0.923
TNS   : 0.000

Type  : Slow 1200mV 85C Model Hold 'ContadorDePrograma:inst|ALP74LS107:inst3|inst'
Slack : 1.089
TNS   : 0.000

Type  : Slow 1200mV 85C Model Hold 'CLKAUTO'
Slack : 4.878
TNS   : 0.000

Type  : Slow 1200mV 85C Model Minimum Pulse Width 'Etapa_Unica'
Slack : -3.000
TNS   : -257.339

Type  : Slow 1200mV 85C Model Minimum Pulse Width 'CLKAUTO'
Slack : -3.000
TNS   : -4.487

Type  : Slow 1200mV 85C Model Minimum Pulse Width 'ContadorDePrograma:inst|ALP74LS107:inst3|inst'
Slack : -1.487
TNS   : -1.487

Type  : Slow 1200mV 85C Model Minimum Pulse Width 'ContadorDePrograma:inst|ALP74LS107:inst4|inst'
Slack : -1.487
TNS   : -1.487

Type  : Slow 1200mV 85C Model Minimum Pulse Width 'ContadorDePrograma:inst|ALP74LS107:inst|inst'
Slack : -1.487
TNS   : -1.487

Type  : Slow 1200mV 0C Model Setup 'Etapa_Unica'
Slack : -13.009
TNS   : -379.930

Type  : Slow 1200mV 0C Model Setup 'ContadorDePrograma:inst|ALP74LS107:inst3|inst'
Slack : -6.292
TNS   : -6.292

Type  : Slow 1200mV 0C Model Setup 'ContadorDePrograma:inst|ALP74LS107:inst|inst'
Slack : -6.125
TNS   : -6.125

Type  : Slow 1200mV 0C Model Setup 'ContadorDePrograma:inst|ALP74LS107:inst4|inst'
Slack : -6.079
TNS   : -6.079

Type  : Slow 1200mV 0C Model Setup 'CLKAUTO'
Slack : -4.365
TNS   : -4.365

Type  : Slow 1200mV 0C Model Hold 'Etapa_Unica'
Slack : 0.251
TNS   : 0.000

Type  : Slow 1200mV 0C Model Hold 'ContadorDePrograma:inst|ALP74LS107:inst4|inst'
Slack : 0.368
TNS   : 0.000

Type  : Slow 1200mV 0C Model Hold 'ContadorDePrograma:inst|ALP74LS107:inst|inst'
Slack : 0.895
TNS   : 0.000

Type  : Slow 1200mV 0C Model Hold 'ContadorDePrograma:inst|ALP74LS107:inst3|inst'
Slack : 1.041
TNS   : 0.000

Type  : Slow 1200mV 0C Model Hold 'CLKAUTO'
Slack : 4.411
TNS   : 0.000

Type  : Slow 1200mV 0C Model Minimum Pulse Width 'Etapa_Unica'
Slack : -3.000
TNS   : -260.872

Type  : Slow 1200mV 0C Model Minimum Pulse Width 'CLKAUTO'
Slack : -3.000
TNS   : -4.487

Type  : Slow 1200mV 0C Model Minimum Pulse Width 'ContadorDePrograma:inst|ALP74LS107:inst3|inst'
Slack : -1.487
TNS   : -1.487

Type  : Slow 1200mV 0C Model Minimum Pulse Width 'ContadorDePrograma:inst|ALP74LS107:inst4|inst'
Slack : -1.487
TNS   : -1.487

Type  : Slow 1200mV 0C Model Minimum Pulse Width 'ContadorDePrograma:inst|ALP74LS107:inst|inst'
Slack : -1.487
TNS   : -1.487

Type  : Fast 1200mV 0C Model Setup 'Etapa_Unica'
Slack : -4.874
TNS   : -131.792

Type  : Fast 1200mV 0C Model Setup 'ContadorDePrograma:inst|ALP74LS107:inst3|inst'
Slack : -2.496
TNS   : -2.496

Type  : Fast 1200mV 0C Model Setup 'ContadorDePrograma:inst|ALP74LS107:inst|inst'
Slack : -2.425
TNS   : -2.425

Type  : Fast 1200mV 0C Model Setup 'ContadorDePrograma:inst|ALP74LS107:inst4|inst'
Slack : -2.373
TNS   : -2.373

Type  : Fast 1200mV 0C Model Setup 'CLKAUTO'
Slack : -1.629
TNS   : -1.629

Type  : Fast 1200mV 0C Model Hold 'Etapa_Unica'
Slack : -0.216
TNS   : -0.334

Type  : Fast 1200mV 0C Model Hold 'ContadorDePrograma:inst|ALP74LS107:inst4|inst'
Slack : 0.169
TNS   : 0.000

Type  : Fast 1200mV 0C Model Hold 'ContadorDePrograma:inst|ALP74LS107:inst|inst'
Slack : 0.263
TNS   : 0.000

Type  : Fast 1200mV 0C Model Hold 'ContadorDePrograma:inst|ALP74LS107:inst3|inst'
Slack : 0.338
TNS   : 0.000

Type  : Fast 1200mV 0C Model Hold 'CLKAUTO'
Slack : 2.120
TNS   : 0.000

Type  : Fast 1200mV 0C Model Minimum Pulse Width 'Etapa_Unica'
Slack : -3.000
TNS   : -174.196

Type  : Fast 1200mV 0C Model Minimum Pulse Width 'CLKAUTO'
Slack : -3.000
TNS   : -4.087

Type  : Fast 1200mV 0C Model Minimum Pulse Width 'ContadorDePrograma:inst|ALP74LS107:inst3|inst'
Slack : -1.000
TNS   : -1.000

Type  : Fast 1200mV 0C Model Minimum Pulse Width 'ContadorDePrograma:inst|ALP74LS107:inst4|inst'
Slack : -1.000
TNS   : -1.000

Type  : Fast 1200mV 0C Model Minimum Pulse Width 'ContadorDePrograma:inst|ALP74LS107:inst|inst'
Slack : -1.000
TNS   : -1.000

------------------------------------------------------------
